2026-10-02T00:59:33Z server down - restarting
2026-10-02T00:59:38Z server restarted ok
2026-10-02T00:59:49Z tunnel down - restarting
2026-10-02T01:00:12Z tunnel restart FAILED (may need manual check)
2026-10-02T03:29:27Z server down or sales disabled - restarting
2026-10-02T03:29:32Z server restarted ok
2026-10-02T03:29:33Z tunnel down or wrong subdomain - restarting
2026-10-02T03:30:01Z tunnel restarted ok on pinned subdomain (attempt 1)
2026-10-02T04:04:37Z tunnel down or wrong subdomain - restarting
2026-10-02T04:04:57Z tunnel got wrong subdomain (attempt 1) - retrying
2026-10-02T04:05:32Z tunnel got wrong subdomain (attempt 2) - retrying
2026-10-02T04:05:57Z tunnel got wrong subdomain (attempt 3) - retrying
2026-10-02T04:06:07Z tunnel restart FAILED (may need manual check)
2026-10-02T04:37:11Z tunnel down or wrong subdomain - restarting
2026-10-02T04:37:41Z tunnel got wrong subdomain (attempt 1) - retrying
2026-10-02T04:38:06Z tunnel got wrong subdomain (attempt 2) - retrying
2026-10-02T04:38:42Z tunnel got wrong subdomain (attempt 3) - retrying
2026-10-02T04:38:52Z tunnel restart FAILED (may need manual check)
2026-10-02T04:39:20Z tunnel down or wrong subdomain - restarting
2026-10-02T04:39:40Z tunnel got wrong subdomain (attempt 1) - retrying
2026-10-02T04:40:16Z tunnel got wrong subdomain (attempt 2) - retrying
2026-10-02T04:40:41Z tunnel got wrong subdomain (attempt 3) - retrying
2026-10-02T04:40:51Z tunnel restart FAILED (may need manual check)
2026-10-02T05:08:56Z tunnel down or wrong subdomain - restarting
2026-10-02T05:09:27Z tunnel got wrong subdomain (attempt 1) - retrying
2026-10-02T05:09:52Z tunnel got wrong subdomain (attempt 2) - retrying
2026-10-02T05:10:28Z tunnel got wrong subdomain (attempt 3) - retrying
2026-10-02T05:10:38Z tunnel restart FAILED (may need manual check)
2026-10-02T05:40:44Z tunnel down or wrong subdomain - restarting
2026-10-02T05:41:15Z tunnel got wrong subdomain (attempt 1) - retrying
2026-10-02T05:41:40Z tunnel got wrong subdomain (attempt 2) - retrying
2026-10-02T05:42:16Z tunnel got wrong subdomain (attempt 3) - retrying
2026-10-02T05:42:26Z tunnel restart FAILED (may need manual check)
2026-10-02T05:50:55Z server down or sales disabled - restarting
2026-10-02T05:51:00Z server restarted ok
2026-10-02T05:51:00Z tunnel down or wrong subdomain - restarting
2026-10-02T05:51:31Z tunnel got wrong subdomain (attempt 1) - retrying
2026-10-02T05:51:43Z tunnel down or wrong subdomain - restarting
2026-10-02T05:51:56Z tunnel got wrong subdomain (attempt 2) - retrying
2026-10-02T05:52:03Z tunnel got wrong subdomain (attempt 1) - retrying
2026-10-02T05:52:21Z tunnel got wrong subdomain (attempt 3) - retrying
2026-10-02T05:52:28Z tunnel got wrong subdomain (attempt 2) - retrying
2026-10-02T05:52:31Z tunnel restart FAILED (may need manual check)
2026-10-02T05:52:53Z tunnel got wrong subdomain (attempt 3) - retrying
2026-10-02T05:53:03Z tunnel restart FAILED (may need manual check)
2026-10-02T06:23:10Z tunnel down or wrong subdomain - restarting
2026-10-02T06:23:41Z tunnel got wrong subdomain (attempt 1) - retrying
2026-10-02T06:24:06Z tunnel got wrong subdomain (attempt 2) - retrying
2026-10-02T06:24:41Z tunnel got wrong subdomain (attempt 3) - retrying
2026-10-02T06:24:51Z tunnel restart FAILED (may need manual check)
2026-10-02T06:25:36Z tunnel down or wrong subdomain - restarting
2026-10-02T06:26:07Z tunnel got wrong subdomain (attempt 1) - retrying
2026-10-02T06:26:32Z tunnel got wrong subdomain (attempt 2) - retrying
2026-10-02T06:27:07Z tunnel got wrong subdomain (attempt 3) - retrying
2026-10-02T06:27:17Z tunnel restart FAILED (may need manual check)
2026-10-02T06:29:27Z tunnel down or wrong subdomain - restarting
2026-10-02T06:29:58Z tunnel got wrong subdomain (attempt 1) - retrying
2026-10-02T06:30:23Z tunnel got wrong subdomain (attempt 2) - retrying
2026-10-02T06:30:59Z tunnel got wrong subdomain (attempt 3) - retrying
2026-10-02T06:31:09Z tunnel restart FAILED (may need manual check)
2026-10-02T06:34:26Z tunnel down or wrong subdomain - restarting
2026-10-02T06:34:57Z tunnel got wrong subdomain (attempt 1) - retrying
2026-10-02T06:35:22Z tunnel got wrong subdomain (attempt 2) - retrying
2026-10-02T06:35:58Z tunnel got wrong subdomain (attempt 3) - retrying
2026-10-02T06:36:08Z tunnel restart FAILED (may need manual check)
2026-10-02T06:39:27Z tunnel down or wrong subdomain - restarting
2026-10-02T06:39:58Z tunnel got wrong subdomain (attempt 1) - retrying
2026-10-02T06:40:23Z tunnel got wrong subdomain (attempt 2) - retrying
2026-10-02T06:40:59Z tunnel got wrong subdomain (attempt 3) - retrying
2026-10-02T06:41:09Z tunnel restart FAILED (may need manual check)
2026-10-02T06:44:27Z tunnel down or wrong subdomain - restarting
2026-10-02T06:44:57Z tunnel got wrong subdomain (attempt 1) - retrying
2026-10-02T06:45:22Z tunnel got wrong subdomain (attempt 2) - retrying
2026-10-02T06:45:58Z tunnel got wrong subdomain (attempt 3) - retrying
2026-10-02T06:46:08Z tunnel restart FAILED (may need manual check)
2026-10-02T06:49:27Z tunnel down or wrong subdomain - restarting
2026-10-02T06:49:58Z tunnel got wrong subdomain (attempt 1) - retrying
2026-10-02T06:50:23Z tunnel got wrong subdomain (attempt 2) - retrying
2026-10-02T06:50:59Z tunnel got wrong subdomain (attempt 3) - retrying
2026-10-02T06:51:09Z tunnel restart FAILED (may need manual check)
2026-10-02T06:54:27Z tunnel down or wrong subdomain - restarting
2026-10-02T06:54:58Z tunnel got wrong subdomain (attempt 1) - retrying
2026-10-02T06:55:23Z tunnel got wrong subdomain (attempt 2) - retrying
2026-10-02T06:55:59Z tunnel got wrong subdomain (attempt 3) - retrying
2026-10-02T06:56:09Z tunnel restart FAILED (may need manual check)
2026-10-02T06:59:27Z tunnel down or wrong subdomain - restarting
2026-10-02T06:59:57Z tunnel got wrong subdomain (attempt 1) - retrying
2026-10-02T07:00:22Z tunnel got wrong subdomain (attempt 2) - retrying
2026-10-02T07:00:58Z tunnel got wrong subdomain (attempt 3) - retrying
2026-10-02T07:01:08Z tunnel restart FAILED (may need manual check)
2026-10-02T07:04:27Z tunnel down or wrong subdomain - restarting
2026-10-02T07:04:58Z tunnel got wrong subdomain (attempt 1) - retrying
2026-10-02T07:05:23Z tunnel got wrong subdomain (attempt 2) - retrying
2026-10-02T07:05:58Z tunnel got wrong subdomain (attempt 3) - retrying
2026-10-02T07:06:08Z tunnel restart FAILED (may need manual check)
2026-10-02T07:09:27Z tunnel down or wrong subdomain - restarting
2026-10-02T07:09:58Z tunnel got wrong subdomain (attempt 1) - retrying
2026-10-02T07:10:23Z tunnel got wrong subdomain (attempt 2) - retrying
2026-10-02T07:10:59Z tunnel got wrong subdomain (attempt 3) - retrying
2026-10-02T07:11:09Z tunnel restart FAILED (may need manual check)
2026-10-02T07:14:27Z tunnel down or wrong subdomain - restarting
2026-10-02T07:14:58Z tunnel got wrong subdomain (attempt 1) - retrying
2026-10-02T07:15:23Z tunnel got wrong subdomain (attempt 2) - retrying
2026-10-02T07:15:59Z tunnel got wrong subdomain (attempt 3) - retrying
2026-10-02T07:16:09Z tunnel restart FAILED (may need manual check)
2026-10-02T07:19:28Z tunnel down or wrong subdomain - restarting
2026-10-02T07:19:58Z tunnel got wrong subdomain (attempt 1) - retrying
2026-10-02T07:20:23Z tunnel got wrong subdomain (attempt 2) - retrying
2026-10-02T07:20:59Z tunnel got wrong subdomain (attempt 3) - retrying
2026-10-02T07:21:09Z tunnel restart FAILED (may need manual check)
2026-10-02T07:24:27Z tunnel down or wrong subdomain - restarting
2026-10-02T07:24:58Z tunnel got wrong subdomain (attempt 1) - retrying
2026-10-02T07:25:23Z tunnel got wrong subdomain (attempt 2) - retrying
2026-10-02T07:25:59Z tunnel got wrong subdomain (attempt 3) - retrying
2026-10-02T07:26:09Z tunnel restart FAILED (may need manual check)
2026-10-02T07:29:27Z tunnel down or wrong subdomain - restarting
2026-10-02T07:29:58Z tunnel got wrong subdomain (attempt 1) - retrying
2026-10-02T07:30:23Z tunnel got wrong subdomain (attempt 2) - retrying
2026-10-02T07:30:58Z tunnel got wrong subdomain (attempt 3) - retrying
2026-10-02T07:31:09Z tunnel restart FAILED (may need manual check)
2026-10-02T07:34:27Z tunnel down or wrong subdomain - restarting
2026-10-02T07:34:58Z tunnel got wrong subdomain (attempt 1) - retrying
2026-10-02T07:35:23Z tunnel got wrong subdomain (attempt 2) - retrying
2026-10-02T07:35:59Z tunnel got wrong subdomain (attempt 3) - retrying
2026-10-02T07:36:09Z tunnel restart FAILED (may need manual check)
2026-10-02T07:39:27Z tunnel down or wrong subdomain - restarting
2026-10-02T07:39:58Z tunnel got wrong subdomain (attempt 1) - retrying
2026-10-02T07:40:23Z tunnel got wrong subdomain (attempt 2) - retrying
2026-10-02T07:40:58Z tunnel got wrong subdomain (attempt 3) - retrying
2026-10-02T07:41:08Z tunnel restart FAILED (may need manual check)
2026-10-02T07:44:28Z tunnel down or wrong subdomain - restarting
2026-10-02T07:44:59Z tunnel got wrong subdomain (attempt 1) - retrying
2026-10-02T07:45:24Z tunnel got wrong subdomain (attempt 2) - retrying
2026-10-02T07:46:00Z tunnel got wrong subdomain (attempt 3) - retrying
2026-10-02T07:46:10Z tunnel restart FAILED (may need manual check)
2026-10-02T07:49:27Z tunnel down or wrong subdomain - restarting
2026-10-02T07:49:58Z tunnel got wrong subdomain (attempt 1) - retrying
2026-10-02T07:54:26Z server down or sales disabled - restarting
2026-10-02T07:54:31Z server restarted ok
2026-10-02T07:54:32Z tunnel down or wrong subdomain - restarting
2026-10-02T07:55:02Z tunnel got wrong subdomain (attempt 1) - retrying
2026-10-02T07:55:27Z tunnel got wrong subdomain (attempt 2) - retrying
2026-10-02T07:56:03Z tunnel got wrong subdomain (attempt 3) - retrying
2026-10-02T07:56:13Z tunnel restart FAILED (may need manual check)
2026-10-02T07:59:26Z tunnel down or wrong subdomain - restarting
2026-10-02T07:59:57Z tunnel got wrong subdomain (attempt 1) - retrying
2026-10-02T08:00:22Z tunnel got wrong subdomain (attempt 2) - retrying
2026-10-02T08:00:57Z tunnel got wrong subdomain (attempt 3) - retrying
2026-10-02T08:01:07Z tunnel restart FAILED (may need manual check)
2026-10-02T08:04:26Z tunnel down or wrong subdomain - restarting
2026-10-02T08:04:57Z tunnel got wrong subdomain (attempt 1) - retrying
2026-10-02T08:05:22Z tunnel got wrong subdomain (attempt 2) - retrying
2026-10-02T08:05:58Z tunnel got wrong subdomain (attempt 3) - retrying
2026-10-02T08:06:08Z tunnel restart FAILED (may need manual check)
2026-10-02T08:09:27Z tunnel down or wrong subdomain - restarting
2026-10-02T08:09:58Z tunnel got wrong subdomain (attempt 1) - retrying
2026-10-02T08:10:23Z tunnel got wrong subdomain (attempt 2) - retrying
2026-10-02T08:10:59Z tunnel got wrong subdomain (attempt 3) - retrying
2026-10-02T08:11:09Z tunnel restart FAILED (may need manual check)
2026-10-02T08:14:27Z tunnel down or wrong subdomain - restarting
2026-10-02T08:14:58Z tunnel got wrong subdomain (attempt 1) - retrying
2026-10-02T08:15:23Z tunnel got wrong subdomain (attempt 2) - retrying
2026-10-02T08:15:59Z tunnel got wrong subdomain (attempt 3) - retrying
2026-10-02T08:16:09Z tunnel restart FAILED (may need manual check)
2026-10-02T08:19:27Z tunnel down or wrong subdomain - restarting
2026-10-02T08:19:58Z tunnel got wrong subdomain (attempt 1) - retrying
2026-10-02T08:20:23Z tunnel got wrong subdomain (attempt 2) - retrying
2026-10-02T08:20:59Z tunnel got wrong subdomain (attempt 3) - retrying
2026-10-02T08:21:09Z tunnel restart FAILED (may need manual check)
2026-10-02T08:24:27Z tunnel down or wrong subdomain - restarting
2026-10-02T08:24:58Z tunnel got wrong subdomain (attempt 1) - retrying
2026-10-02T08:25:23Z tunnel got wrong subdomain (attempt 2) - retrying
2026-10-02T08:25:59Z tunnel got wrong subdomain (attempt 3) - retrying
2026-10-02T08:26:09Z tunnel restart FAILED (may need manual check)
2026-10-02T08:29:26Z tunnel down or wrong subdomain - restarting
2026-10-02T08:29:57Z tunnel got wrong subdomain (attempt 1) - retrying
2026-10-02T08:30:22Z tunnel got wrong subdomain (attempt 2) - retrying
2026-10-02T08:30:57Z tunnel got wrong subdomain (attempt 3) - retrying
2026-10-02T08:31:07Z tunnel restart FAILED (may need manual check)
2026-10-02T08:34:29Z tunnel down or wrong subdomain - restarting
2026-10-02T08:35:00Z tunnel got wrong subdomain (attempt 1) - retrying
2026-10-02T08:35:25Z tunnel got wrong subdomain (attempt 2) - retrying
2026-10-02T08:36:00Z tunnel got wrong subdomain (attempt 3) - retrying
2026-10-02T08:36:10Z tunnel restart FAILED (may need manual check)
2026-10-02T08:39:27Z tunnel down or wrong subdomain - restarting
2026-10-02T08:39:57Z tunnel got wrong subdomain (attempt 1) - retrying
2026-10-02T08:40:22Z tunnel got wrong subdomain (attempt 2) - retrying
2026-10-02T08:40:58Z tunnel got wrong subdomain (attempt 3) - retrying
2026-10-02T08:41:08Z tunnel restart FAILED (may need manual check)
2026-10-02T08:44:29Z tunnel down or wrong subdomain - restarting
2026-10-02T08:45:00Z tunnel got wrong subdomain (attempt 1) - retrying
2026-10-02T08:45:25Z tunnel got wrong subdomain (attempt 2) - retrying
2026-10-02T08:46:01Z tunnel got wrong subdomain (attempt 3) - retrying
2026-10-02T08:46:11Z tunnel restart FAILED (may need manual check)
2026-10-02T08:49:27Z tunnel down or wrong subdomain - restarting
2026-10-02T08:49:57Z tunnel got wrong subdomain (attempt 1) - retrying
2026-10-02T08:50:22Z tunnel got wrong subdomain (attempt 2) - retrying
2026-10-02T08:50:58Z tunnel got wrong subdomain (attempt 3) - retrying
2026-10-02T08:51:08Z tunnel restart FAILED (may need manual check)
2026-10-02T08:54:27Z tunnel down or wrong subdomain - restarting
2026-10-02T08:54:58Z tunnel got wrong subdomain (attempt 1) - retrying
2026-10-02T08:55:23Z tunnel got wrong subdomain (attempt 2) - retrying
2026-10-02T08:55:59Z tunnel got wrong subdomain (attempt 3) - retrying
2026-10-02T08:56:09Z tunnel restart FAILED (may need manual check)
2026-10-02T08:59:28Z tunnel down or wrong subdomain - restarting
2026-10-02T08:59:58Z tunnel got wrong subdomain (attempt 1) - retrying
2026-10-02T09:00:23Z tunnel got wrong subdomain (attempt 2) - retrying
2026-10-02T09:00:59Z tunnel got wrong subdomain (attempt 3) - retrying
2026-10-02T09:01:09Z tunnel restart FAILED (may need manual check)
2026-10-02T09:04:27Z tunnel down or wrong subdomain - restarting
2026-10-02T09:04:57Z tunnel got wrong subdomain (attempt 1) - retrying
2026-10-02T09:05:23Z tunnel got wrong subdomain (attempt 2) - retrying
2026-10-02T09:05:58Z tunnel got wrong subdomain (attempt 3) - retrying
2026-10-02T09:06:08Z tunnel restart FAILED (may need manual check)
2026-10-02T09:09:29Z tunnel down or wrong subdomain - restarting
2026-10-02T09:09:59Z tunnel got wrong subdomain (attempt 1) - retrying
2026-10-02T09:10:24Z tunnel got wrong subdomain (attempt 2) - retrying
2026-10-02T09:11:00Z tunnel got wrong subdomain (attempt 3) - retrying
2026-10-02T09:11:10Z tunnel restart FAILED (may need manual check)
2026-10-02T09:14:28Z tunnel down or wrong subdomain - restarting
2026-10-02T09:14:58Z tunnel got wrong subdomain (attempt 1) - retrying
2026-10-02T09:15:23Z tunnel got wrong subdomain (attempt 2) - retrying
2026-10-02T09:15:59Z tunnel got wrong subdomain (attempt 3) - retrying
2026-10-02T09:16:09Z tunnel restart FAILED (may need manual check)
2026-10-02T09:19:27Z tunnel down or wrong subdomain - restarting
2026-10-02T09:19:58Z tunnel got wrong subdomain (attempt 1) - retrying
2026-10-02T09:20:23Z tunnel got wrong subdomain (attempt 2) - retrying
2026-10-02T09:20:59Z tunnel got wrong subdomain (attempt 3) - retrying
2026-10-02T09:21:09Z tunnel restart FAILED (may need manual check)
2026-10-02T09:24:28Z tunnel down or wrong subdomain - restarting
2026-10-02T09:24:59Z tunnel got wrong subdomain (attempt 1) - retrying
2026-10-02T09:25:24Z tunnel got wrong subdomain (attempt 2) - retrying
2026-10-02T09:25:59Z tunnel got wrong subdomain (attempt 3) - retrying
2026-10-02T09:26:09Z tunnel restart FAILED (may need manual check)
2026-10-02T09:29:28Z tunnel down or wrong subdomain - restarting
2026-10-02T09:29:59Z tunnel got wrong subdomain (attempt 1) - retrying
2026-10-02T09:30:24Z tunnel got wrong subdomain (attempt 2) - retrying
2026-10-02T09:30:59Z tunnel got wrong subdomain (attempt 3) - retrying
2026-10-02T09:31:09Z tunnel restart FAILED (may need manual check)
2026-10-02T09:34:28Z tunnel down or wrong subdomain - restarting
2026-10-02T09:34:59Z tunnel got wrong subdomain (attempt 1) - retrying
2026-10-02T09:35:24Z tunnel got wrong subdomain (attempt 2) - retrying
2026-10-02T09:36:00Z tunnel got wrong subdomain (attempt 3) - retrying
2026-10-02T09:36:10Z tunnel restart FAILED (may need manual check)
2026-10-02T09:39:28Z tunnel down or wrong subdomain - restarting
2026-10-02T09:39:58Z tunnel got wrong subdomain (attempt 1) - retrying
2026-10-02T09:40:23Z tunnel got wrong subdomain (attempt 2) - retrying
2026-10-02T09:40:59Z tunnel got wrong subdomain (attempt 3) - retrying
2026-10-02T09:41:09Z tunnel restart FAILED (may need manual check)
2026-10-02T09:44:27Z tunnel down or wrong subdomain - restarting
2026-10-02T09:44:57Z tunnel got wrong subdomain (attempt 1) - retrying
2026-10-02T09:45:22Z tunnel got wrong subdomain (attempt 2) - retrying
2026-10-02T09:45:58Z tunnel got wrong subdomain (attempt 3) - retrying
2026-10-02T09:46:08Z tunnel restart FAILED (may need manual check)
2026-10-02T09:49:29Z tunnel down or wrong subdomain - restarting
2026-10-02T09:50:00Z tunnel got wrong subdomain (attempt 1) - retrying
2026-10-02T09:54:27Z server down or sales disabled - restarting
2026-10-02T09:54:32Z server restarted ok
2026-10-02T09:54:32Z tunnel down or wrong subdomain - restarting
2026-10-02T09:55:03Z tunnel got wrong subdomain (attempt 1) - retrying
2026-10-02T09:55:28Z tunnel got wrong subdomain (attempt 2) - retrying
2026-10-02T09:56:04Z tunnel got wrong subdomain (attempt 3) - retrying
2026-10-02T09:56:14Z tunnel restart FAILED (may need manual check)
2026-10-02T09:59:26Z tunnel down or wrong subdomain - restarting
2026-10-02T09:59:57Z tunnel got wrong subdomain (attempt 1) - retrying
2026-10-02T10:00:22Z tunnel got wrong subdomain (attempt 2) - retrying
2026-10-02T10:00:57Z tunnel got wrong subdomain (attempt 3) - retrying
2026-10-02T10:01:07Z tunnel restart FAILED (may need manual check)
2026-10-02T10:04:27Z tunnel down or wrong subdomain - restarting
2026-10-02T10:04:58Z tunnel got wrong subdomain (attempt 1) - retrying
2026-10-02T10:05:23Z tunnel got wrong subdomain (attempt 2) - retrying
2026-10-02T10:09:27Z tunnel down or wrong subdomain - restarting
2026-10-02T10:09:48Z tunnel restarted ok on pinned subdomain (attempt 1)
2026-10-02T10:44:27Z tunnel down or wrong subdomain - restarting
2026-10-02T10:44:58Z tunnel got wrong subdomain (attempt 1) - retrying
2026-10-02T10:45:23Z tunnel got wrong subdomain (attempt 2) - retrying
2026-10-02T10:45:59Z tunnel got wrong subdomain (attempt 3) - retrying
2026-10-02T10:46:09Z tunnel restart FAILED (may need manual check)
